// Jest Snapshot v1, https://goo.gl/fbAQLP

exports[`Prediction component renders as snapshot correctly 1`] = `
<FormPartsContainer
  clarifier={null}
  formClass="predictions"
  navData={
    Object {
      "left": Object {
        "onClick": [Function],
        "text": "Previous",
      },
      "middle": null,
      "right": Object {
        "onClick": [Function],
        "text": "New Client",
      },
    }
  }
  title={
    <span
      className="snippet"
      lang="en"
    >
      What Might Happen?
    </span>
  }
>
  <IncomeForm
    future={
      Object {
        "SSDI": 0,
        "SSI": 0,
        "TAFDC": 0,
        "adultDirectCare": 0,
        "adultOtherCare": 0,
        "adultTransportation": 0,
        "alimony": 0,
        "childBeforeAndAfterSchoolCare": 0,
        "childDirectCare": 0,
        "childOtherCare": 0,
        "childSupportIn": 0,
        "childSupportPaidOut": 0,
        "childTransportation": 0,
        "climateControl": false,
        "contractRent": 0,
        "disabledAssistance": 0,
        "disabledMedical": 0,
        "earned": 0,
        "earnedBecauseOfAdultCare": 0,
        "earnedBecauseOfChildCare": 0,
        "fuelAssistance": false,
        "hasSection8": false,
        "hasSnap": false,
        "household": Array [
          Object {
            "m_age": 30,
            "m_disabled": false,
            "m_role": "head",
          },
        ],
        "housing": "homeless",
        "housingInsurance": 0,
        "mortgage": 0,
        "nonHeatElectricity": false,
        "otherExpensesCable": 0,
        "otherExpensesCareProducts": 0,
        "otherExpensesClothes": 0,
        "otherExpensesEntertainment": 0,
        "otherExpensesFood": 0,
        "otherExpensesMedical": 0,
        "otherExpensesOther": 0,
        "otherExpensesPhone": 0,
        "otherExpensesTransport": 0,
        "otherExpensesUtilities": 0,
        "otherIncome": 0,
        "otherMedical": 0,
        "pension": 0,
        "phone": false,
        "propertyTax": 0,
        "rent": 0,
        "rentShare": 0,
        "socialSecurity": 0,
        "unemployment": 0,
        "wantsToSeeOtherExpenses": false,
        "workersComp": 0,
      }
    }
    snippets={
      Object {
        "i_afterMoney": <span
          className="snippet"
          lang="en"
      >
           / month
      </span>,
        "i_allMoneyComingIn": <span
          className="snippet"
          lang="en"
      >
          All Money Coming In as Income Changes
      </span>,
        "i_beforeMoney": <span
          className="snippet"
          lang="en"
      >
          $
      </span>,
        "i_benefitProgramsTitle": <span
          className="snippet"
          lang="en"
      >
          Individual Benefit Amounts for Household as Income Changes
      </span>,
        "i_benefitValue": <span
          className="snippet"
          lang="en"
      >
          Benefit Value ($)
      </span>,
        "i_benefitsTableTitle": <span
          className="snippet"
          lang="en"
      >
          Changes
      </span>,
        "i_buttonMonthly": <span
          className="snippet"
          lang="en"
      >
          Monthly
      </span>,
        "i_buttonWeekly": <span
          className="snippet"
          lang="en"
      >
          Weekly
      </span>,
        "i_buttonYearly": <span
          className="snippet"
          lang="en"
      >
          Yearly
      </span>,
        "i_chartsHeader": <span
          className="snippet"
          lang="en"
      >
          With the new pay, how could your benefits change?
      </span>,
        "i_columnBenefit": <span
          className="snippet"
          lang="en"
      >
          Benefit
      </span>,
        "i_columnCurrentBenefits": <span
          className="snippet"
          lang="en"
      >
          Current Benefits
      </span>,
        "i_columnDifference": <span
          className="snippet"
          lang="en"
      >
          Difference
      </span>,
        "i_columnNewEstimate": <span
          className="snippet"
          lang="en"
      >
          New Estimate
      </span>,
        "i_feedbackAsk": <span
          className="snippet"
          lang="en"
      >
          Are these numbers right? Please 
      </span>,
        "i_futureIncomeLine": <span
          className="snippet"
          lang="en"
      >
          Future Income
      </span>,
        "i_futureIncomeQuestion": <span
          className="snippet"
          lang="en"
      >
          How much money would you get paid in the future? (You can try different amounts)
      </span>,
        "i_hasIncome": <span
          className="snippet"
          lang="en"
      >
          Income
      </span>,
        "i_hasSNAP": <span
          className="snippet"
          lang="en"
      >
          SNAP
      </span>,
        "i_hasSection8": <span
          className="snippet"
          lang="en"
      >
          Section 8
      </span>,
        "i_moneyInAsIncomeChanges": <span
          className="snippet"
          lang="en"
      >
          Money Coming In as Income Changes
      </span>,
        "i_monthlyIncome": <span
          className="snippet"
          lang="en"
      >
          Monthly Income ($)
      </span>,
        "i_rowIncome": <span
          className="snippet"
          lang="en"
      >
          Income
      </span>,
        "i_rowNetTotal": <span
          className="snippet"
          lang="en"
      >
          Net Total
      </span>,
        "i_rowSNAP": <span
          className="snippet"
          lang="en"
      >
          SNAP
      </span>,
        "i_rowSection8": <span
          className="snippet"
          lang="en"
      >
          Section 8 Housing
      </span>,
        "i_rowTotalBenefits": <span
          className="snippet"
          lang="en"
      >
          Total Benefits
      </span>,
        "i_stackedAreaGraphTitle": <span
          className="snippet"
          lang="en"
      >
          Stacked Incomes
      </span>,
        "i_stackedBarGraphTitle": <span
          className="snippet"
          lang="en"
      >
          Changes Chart
      </span>,
        "i_submitFeedback": <span
          className="snippet"
          lang="en"
      >
          let us know
      </span>,
        "i_tabTitleBenefitPrograms": <span
          className="snippet"
          lang="en"
      >
          Benefit Programs
      </span>,
        "i_tabTitleChanges": <span
          className="snippet"
          lang="en"
      >
          Changes
      </span>,
        "i_tabTitleChangesChart": <span
          className="snippet"
          lang="en"
      >
          Changes Chart
      </span>,
        "i_tabTitleStackedIncomes": <span
          className="snippet"
          lang="en"
      >
          Stacked Incomes
      </span>,
        "i_title": <span
          className="snippet"
          lang="en"
      >
          What Might Happen?
      </span>,
        "i_totalMoney": <span
          className="snippet"
          lang="en"
      >
          Total Money Coming In ($)
      </span>,
        "i_warningMessage": <span
          className="snippet"
          lang="en"
      >
          This tool is in testing and these numbers might not be right. If they're not, please 
      </span>,
        "i_weeklyIncome": <span
          className="snippet"
          lang="en"
      >
          Weekly Income ($)
      </span>,
        "i_yearlyIncome": <span
          className="snippet"
          lang="en"
      >
          Yearly Income ($)
      </span>,
        "langCode": "en",
      }
    }
    time="future"
    updateClientValue={[Function]}
  />
  <Divider
    className="ui section divider hidden"
  />
  <Header
    as="h3"
    className="ui Header align centered"
  >
    <span
      className="snippet"
      key="en229"
      lang="en"
    >
      With the new pay, how could your benefits change?
    </span>
  </Header>
  <Message
    style={
      Object {
        "textAlign": "center",
      }
    }
    visible={true}
    warning={true}
  >
    <span
      className="snippet"
      key="en230"
      lang="en"
    >
      This tool is in testing and these numbers might not be right. If they're not, please 
    </span>
    <Button
      as="button"
      color="teal"
      compact={true}
      onClick={[Function]}
      size="small"
    >
      <span
        className="snippet"
        key="en232"
        lang="en"
      >
        let us know
      </span>
    </Button>
  </Message>
  <TabbedVisualizations
    client={
      Object {
        "current": Object {
          "SSDI": 0,
          "SSI": 0,
          "TAFDC": 0,
          "adultDirectCare": 0,
          "adultOtherCare": 0,
          "adultTransportation": 0,
          "alimony": 0,
          "childBeforeAndAfterSchoolCare": 0,
          "childDirectCare": 0,
          "childOtherCare": 0,
          "childSupportIn": 0,
          "childSupportPaidOut": 0,
          "childTransportation": 0,
          "climateControl": false,
          "contractRent": 0,
          "disabledAssistance": 0,
          "disabledMedical": 0,
          "earned": 0,
          "earnedBecauseOfAdultCare": 0,
          "earnedBecauseOfChildCare": 0,
          "fuelAssistance": false,
          "hasSection8": false,
          "hasSnap": false,
          "household": Array [
            Object {
              "m_age": 30,
              "m_disabled": false,
              "m_role": "head",
            },
          ],
          "housing": "homeless",
          "housingInsurance": 0,
          "mortgage": 0,
          "nonHeatElectricity": false,
          "otherExpensesCable": 0,
          "otherExpensesCareProducts": 0,
          "otherExpensesClothes": 0,
          "otherExpensesEntertainment": 0,
          "otherExpensesFood": 0,
          "otherExpensesMedical": 0,
          "otherExpensesOther": 0,
          "otherExpensesPhone": 0,
          "otherExpensesTransport": 0,
          "otherExpensesUtilities": 0,
          "otherIncome": 0,
          "otherMedical": 0,
          "pension": 0,
          "phone": false,
          "propertyTax": 0,
          "rent": 0,
          "rentShare": 0,
          "socialSecurity": 0,
          "unemployment": 0,
          "wantsToSeeOtherExpenses": false,
          "workersComp": 0,
        },
        "future": Object {
          "SSDI": 0,
          "SSI": 0,
          "TAFDC": 0,
          "adultDirectCare": 0,
          "adultOtherCare": 0,
          "adultTransportation": 0,
          "alimony": 0,
          "childBeforeAndAfterSchoolCare": 0,
          "childDirectCare": 0,
          "childOtherCare": 0,
          "childSupportIn": 0,
          "childSupportPaidOut": 0,
          "childTransportation": 0,
          "climateControl": false,
          "contractRent": 0,
          "disabledAssistance": 0,
          "disabledMedical": 0,
          "earned": 0,
          "earnedBecauseOfAdultCare": 0,
          "earnedBecauseOfChildCare": 0,
          "fuelAssistance": false,
          "hasSection8": false,
          "hasSnap": false,
          "household": Array [
            Object {
              "m_age": 30,
              "m_disabled": false,
              "m_role": "head",
            },
          ],
          "housing": "homeless",
          "housingInsurance": 0,
          "mortgage": 0,
          "nonHeatElectricity": false,
          "otherExpensesCable": 0,
          "otherExpensesCareProducts": 0,
          "otherExpensesClothes": 0,
          "otherExpensesEntertainment": 0,
          "otherExpensesFood": 0,
          "otherExpensesMedical": 0,
          "otherExpensesOther": 0,
          "otherExpensesPhone": 0,
          "otherExpensesTransport": 0,
          "otherExpensesUtilities": 0,
          "otherIncome": 0,
          "otherMedical": 0,
          "pension": 0,
          "phone": false,
          "propertyTax": 0,
          "rent": 0,
          "rentShare": 0,
          "socialSecurity": 0,
          "unemployment": 0,
          "wantsToSeeOtherExpenses": false,
          "workersComp": 0,
        },
      }
    }
    openFeedback={[Function]}
    snippets={
      Object {
        "i_afterMoney": <span
          className="snippet"
          lang="en"
      >
           / month
      </span>,
        "i_allMoneyComingIn": <span
          className="snippet"
          lang="en"
      >
          All Money Coming In as Income Changes
      </span>,
        "i_beforeMoney": <span
          className="snippet"
          lang="en"
      >
          $
      </span>,
        "i_benefitProgramsTitle": <span
          className="snippet"
          lang="en"
      >
          Individual Benefit Amounts for Household as Income Changes
      </span>,
        "i_benefitValue": <span
          className="snippet"
          lang="en"
      >
          Benefit Value ($)
      </span>,
        "i_benefitsTableTitle": <span
          className="snippet"
          lang="en"
      >
          Changes
      </span>,
        "i_buttonMonthly": <span
          className="snippet"
          lang="en"
      >
          Monthly
      </span>,
        "i_buttonWeekly": <span
          className="snippet"
          lang="en"
      >
          Weekly
      </span>,
        "i_buttonYearly": <span
          className="snippet"
          lang="en"
      >
          Yearly
      </span>,
        "i_chartsHeader": <span
          className="snippet"
          lang="en"
      >
          With the new pay, how could your benefits change?
      </span>,
        "i_columnBenefit": <span
          className="snippet"
          lang="en"
      >
          Benefit
      </span>,
        "i_columnCurrentBenefits": <span
          className="snippet"
          lang="en"
      >
          Current Benefits
      </span>,
        "i_columnDifference": <span
          className="snippet"
          lang="en"
      >
          Difference
      </span>,
        "i_columnNewEstimate": <span
          className="snippet"
          lang="en"
      >
          New Estimate
      </span>,
        "i_feedbackAsk": <span
          className="snippet"
          lang="en"
      >
          Are these numbers right? Please 
      </span>,
        "i_futureIncomeLine": <span
          className="snippet"
          lang="en"
      >
          Future Income
      </span>,
        "i_futureIncomeQuestion": <span
          className="snippet"
          lang="en"
      >
          How much money would you get paid in the future? (You can try different amounts)
      </span>,
        "i_hasIncome": <span
          className="snippet"
          lang="en"
      >
          Income
      </span>,
        "i_hasSNAP": <span
          className="snippet"
          lang="en"
      >
          SNAP
      </span>,
        "i_hasSection8": <span
          className="snippet"
          lang="en"
      >
          Section 8
      </span>,
        "i_moneyInAsIncomeChanges": <span
          className="snippet"
          lang="en"
      >
          Money Coming In as Income Changes
      </span>,
        "i_monthlyIncome": <span
          className="snippet"
          lang="en"
      >
          Monthly Income ($)
      </span>,
        "i_rowIncome": <span
          className="snippet"
          lang="en"
      >
          Income
      </span>,
        "i_rowNetTotal": <span
          className="snippet"
          lang="en"
      >
          Net Total
      </span>,
        "i_rowSNAP": <span
          className="snippet"
          lang="en"
      >
          SNAP
      </span>,
        "i_rowSection8": <span
          className="snippet"
          lang="en"
      >
          Section 8 Housing
      </span>,
        "i_rowTotalBenefits": <span
          className="snippet"
          lang="en"
      >
          Total Benefits
      </span>,
        "i_stackedAreaGraphTitle": <span
          className="snippet"
          lang="en"
      >
          Stacked Incomes
      </span>,
        "i_stackedBarGraphTitle": <span
          className="snippet"
          lang="en"
      >
          Changes Chart
      </span>,
        "i_submitFeedback": <span
          className="snippet"
          lang="en"
      >
          let us know
      </span>,
        "i_tabTitleBenefitPrograms": <span
          className="snippet"
          lang="en"
      >
          Benefit Programs
      </span>,
        "i_tabTitleChanges": <span
          className="snippet"
          lang="en"
      >
          Changes
      </span>,
        "i_tabTitleChangesChart": <span
          className="snippet"
          lang="en"
      >
          Changes Chart
      </span>,
        "i_tabTitleStackedIncomes": <span
          className="snippet"
          lang="en"
      >
          Stacked Incomes
      </span>,
        "i_title": <span
          className="snippet"
          lang="en"
      >
          What Might Happen?
      </span>,
        "i_totalMoney": <span
          className="snippet"
          lang="en"
      >
          Total Money Coming In ($)
      </span>,
        "i_warningMessage": <span
          className="snippet"
          lang="en"
      >
          This tool is in testing and these numbers might not be right. If they're not, please 
      </span>,
        "i_weeklyIncome": <span
          className="snippet"
          lang="en"
      >
          Weekly Income ($)
      </span>,
        "i_yearlyIncome": <span
          className="snippet"
          lang="en"
      >
          Yearly Income ($)
      </span>,
        "langCode": "en",
      }
    }
  />
</FormPartsContainer>
`;
